<div class="Checkbox__CheckboxContent Checkbox__hasBorder" onclick="document.getElementById('frm-checkBox').click();">
    <div class="Checkbox__Checkbox"><input type="checkbox" id="frm-checkBox" value="checkBox" name="checkBox" data-cy='Checkbox-checkBox'/><label
             onclick="return false;" for="frm-checkBox"></label></div>
    <div class="Checkbox__Label"></div>
</div>
