<div class="Input__Input">
    <div class="Input__Field"><input type="file" id="frm-upload" name="upload" data-cy='FileUpload-upload'/></div>
</div>
