<div class="row padding-10">
    <div class="padding-0 col-xs-12"><h3 class="">label</h3></div>
    <div class="padding-0 col-xs-12">
        <div class="Radio__RadioContent" onclick="document.getElementById('name_key-1').click();">
            <div class="Radio__Radio"><input type="radio" id="name_key-1" name="name" value="key-1" /><label
                     for="name_key-1"></label></div>
            <div class="Radio__Label">item-1</div>
        </div>
        <div class="Radio__RadioContent" onclick="document.getElementById('name_key-2').click();">
            <div class="Radio__Radio"><input type="radio" id="name_key-2" name="name" value="key-2" /><label
                     for="name_key-2"></label></div>
            <div class="Radio__Label">item-2</div>
        </div>
    </div>
</div>
