<div class="Textarea__Textarea">
            <div class="Textarea__Field">
                <textarea rows="5" name="textareaName" data-attr='value' placeholder="placeholder"></textarea>
            </div>
            <div class="Textarea__Desc">input-description</div>
        </div>