<input type="hidden" name="name" value="value" data-cy='Hidden-name' />
