<div class="row padding-10" data-cy='GridRow'>
    <div class="padding-0 col-xs-12" data-cy='GridColumn'><h3 class="" data-cy='Heading'>label</h3></div>
    <div class="padding-0 col-xs-12" data-cy='GridColumn'>
        <div class="row " data-cy='GridRow'>
            <div class="padding-0 " data-cy='GridColumn'>
                <div class="Input__Input">
                    <div class="Input__Field"><input type="text" name="name" value="" {{dataAttribute}}/></div>
                </div>
            </div>
        </div>
    </div>
</div>
