<div class="row padding-10" data-cy='GridRow'>
    <div class="padding-0 col-xs-12" data-cy='GridColumn'><h3 class="" data-cy='Heading'>label</h3></div>
    <div class="padding-0 col-xs-12" data-cy='GridColumn'>
        <div class="row " data-cy='GridRow'>
            <div class="padding-0 col-xs-12 col-md-4 col-lg-2" data-cy='GridColumn'>
                <div class="Selectbox__Selectbox Selectbox__Wide"><select name="name" data-cy='Selectbox-name'>
                    <option value="key-1" data-cy='SelectboxOption-key-1'>item-1</option>
                    <option value="key-2" data-cy='SelectboxOption-key-2'>item-2</option>
                </select></div>
            </div>
        </div>
    </div>
</div>
