<div class="row padding-10" data-cy='GridRow'>
    <div class="padding-0 col-xs-12" data-cy='GridColumn'><h3 class="" data-cy='Heading'>checkBoxList</h3></div>
    <div class="padding-0 col-xs-12" data-cy='GridColumn'>
        <div class="select-list-654d" {{dataAttribute}}>
            <div class="Checkbox__CheckboxContent Checkbox__hasBorder"
                 onclick="document.getElementById('checkBoxListComponent&#x5B;&#x5D;-id-1').click();">
                <div class="Checkbox__Checkbox"><input type="checkbox" id="checkBoxListComponent&#x5B;&#x5D;-id-1"
                                                       value="id-1" name="checkBoxListComponent[]"
                                                       data-cy='Checkbox-checkBoxListComponent[]'/><label
                         onclick="return false;" for="checkBoxListComponent&#x5B;&#x5D;-id-1"></label></div>
                <div class="Checkbox__Label">check-label-1</div>
            </div>
            <div class="Checkbox__CheckboxContent Checkbox__hasBorder"
                 onclick="document.getElementById('checkBoxListComponent&#x5B;&#x5D;-id-2').click();">
                <div class="Checkbox__Checkbox"><input type="checkbox" id="checkBoxListComponent&#x5B;&#x5D;-id-2"
                                                       value="id-2" name="checkBoxListComponent[]"
                                                       data-cy='Checkbox-checkBoxListComponent[]'/><label
                         onclick="return false;" for="checkBoxListComponent&#x5B;&#x5D;-id-2"></label></div>
                <div class="Checkbox__Label">check-label-2</div>
            </div>
        </div>
    </div>
</div>
