<div class="row padding-10">
    <div class="padding-0 col-xs-12"></div>
    <div class="padding-0 col-xs-12">
        <button class="Button__Button">caption</button>
    </div>
</div>
